../Core/Src/main.c:78:5:_write	24	static
../Core/Src/main.c:105:5:main	8	static
../Core/Src/main.c:199:6:SystemClock_Config	72	static
../Core/Src/main.c:236:13:MX_USART1_UART_Init	8	static
../Core/Src/main.c:269:13:MX_GPIO_Init	32	static
../Core/Src/main.c:303:6:StartTask01	16	static
../Core/Src/main.c:323:6:StartTask02	16	static
../Core/Src/main.c:343:6:StartTask03	16	static
../Core/Src/main.c:374:6:HAL_TIM_PeriodElapsedCallback	16	static
../Core/Src/main.c:391:6:Error_Handler	4	static,ignoring_inline_asm
