../Core/Src/lora.c:12:9:lora_read_reg	16	static
../Core/Src/lora.c:25:6:lora_write_reg	24	static
../Core/Src/lora.c:62:5:lora_prasePacket	16	static
../Core/Src/lora.c:86:9:lora_available	8	static
../Core/Src/lora.c:90:9:lora_read	8	static
../Core/Src/lora.c:97:9:lora_begin_packet	8	static
../Core/Src/lora.c:109:6:lora_tx	24	static
../Core/Src/lora.c:121:9:lora_end_packet	16	static
../Core/Src/lora.c:134:6:lora_set_frequency	16	static
../Core/Src/lora.c:140:6:lora_set_bandwidth	16	static
../Core/Src/lora.c:35:9:lora_init	8	static
