../Core/Src/main.c:41:6:send_broadcast	8	static
../Core/Src/main.c:49:6:check_format_register	32	static
../Core/Src/main.c:57:6:listen_register	24	static
../Core/Src/main.c:89:6:send_stt	136	static
../Core/Src/main.c:98:6:check_format_data	40	static
../Core/Src/main.c:106:5:listen_data	32	static
../Core/Src/main.c:134:6:send_ok	72	static
../Core/Src/main.c:163:5:main	8	static
../Core/Src/main.c:219:6:SystemClock_Config	72	static
../Core/Src/main.c:262:6:Error_Handler	4	static,ignoring_inline_asm
